// Jest Snapshot v1, https://goo.gl/fbAQLP

exports[`<LocaleToggle /> should match the snapshot 1`] = `
<div
  class="Wrapper-sc-1guqqkx-0 doMuxq"
>
  <select
    class="Select-sc-1cfp1um-0 dvbHIS"
  >
    <option
      value="en"
    >
      en
    </option>
  </select>
</div>
`;
